2026-05-29 12:08:20,953 [WARNING] discord.client: PyNaCl is not installed, voice will NOT be supported
2026-05-29 12:08:20,953 [WARNING] discord.client: davey is not installed, voice will NOT be supported
2026-05-29 12:08:36,718 [WARNING] discord.client: PyNaCl is not installed, voice will NOT be supported
2026-05-29 12:08:36,719 [WARNING] discord.client: davey is not installed, voice will NOT be supported
2026-05-29 12:08:36,903 [INFO] ModForge.Auth: OAuth2 login redirect → https://discord.com/oauth2/authorize?client_id=1491447622442160248&redirect_uri=http%3A%2F%2Fmod-forge.up.railway.app%2F...
2026-05-29 12:09:33,506 [WARNING] discord.client: PyNaCl is not installed, voice will NOT be supported
2026-05-29 12:09:33,506 [WARNING] discord.client: davey is not installed, voice will NOT be supported
2026-05-29 12:09:33,689 [INFO] ModForge.Auth: OAuth2 login redirect → https://discord.com/oauth2/authorize?client_id=1491447622442160248&redirect_uri=http%3A%2F%2Fmod-forge.up.railway.app%2F...
2026-05-29 12:09:45,376 [WARNING] discord.client: PyNaCl is not installed, voice will NOT be supported
2026-05-29 12:09:45,376 [WARNING] discord.client: davey is not installed, voice will NOT be supported
2026-05-29 12:09:45,425 [INFO] ModForge.Auth: OAuth2 login redirect → https://discord.com/oauth2/authorize?client_id=1491447622442160248&redirect_uri=http%3A%2F%2Fmod-forge.up.railway.app%2F...
2026-05-29 12:09:45,427 [WARNING] ModForge.Auth: OAuth2 callback: kein code
2026-05-29 12:09:45,429 [WARNING] ModForge.Auth: OAuth2 denied: access_denied – User denied
2026-05-29 12:10:13,146 [WARNING] discord.client: PyNaCl is not installed, voice will NOT be supported
2026-05-29 12:10:13,146 [WARNING] discord.client: davey is not installed, voice will NOT be supported
2026-05-29 12:10:31,900 [WARNING] discord.client: PyNaCl is not installed, voice will NOT be supported
2026-05-29 12:10:31,900 [WARNING] discord.client: davey is not installed, voice will NOT be supported
2026-05-29 12:38:01,434 [WARNING] discord.client: PyNaCl is not installed, voice will NOT be supported
2026-05-29 12:38:01,434 [WARNING] discord.client: davey is not installed, voice will NOT be supported
2026-05-29 12:38:01,630 [INFO] ModForge.Auth: OAuth2 login redirect → https://discord.com/oauth2/authorize?client_id=1491447622442160248&redirect_uri=http%3A%2F%2Fmod-forge.up.railway.app%2F...
2026-05-29 12:38:22,802 [WARNING] discord.client: PyNaCl is not installed, voice will NOT be supported
2026-05-29 12:38:22,803 [WARNING] discord.client: davey is not installed, voice will NOT be supported
2026-05-29 12:38:38,935 [WARNING] discord.client: PyNaCl is not installed, voice will NOT be supported
2026-05-29 12:38:38,935 [WARNING] discord.client: davey is not installed, voice will NOT be supported
2026-05-29 12:38:39,183 [INFO] ModForge.Web.Routes: [ADMIN LOGIN] 127.0.0.1
2026-05-29 12:40:09,435 [WARNING] discord.client: PyNaCl is not installed, voice will NOT be supported
2026-05-29 12:40:09,436 [WARNING] discord.client: davey is not installed, voice will NOT be supported
2026-05-29 12:40:09,622 [INFO] ModForge.Auth: OAuth2 login redirect → https://discord.com/oauth2/authorize?client_id=1491447622442160248&redirect_uri=http%3A%2F%2Fmod-forge.up.railway.app%2F...
2026-05-29 12:40:09,624 [INFO] ModForge.Web.Routes: [ADMIN LOGIN] 127.0.0.1
2026-05-29 12:54:40,087 [WARNING] discord.client: PyNaCl is not installed, voice will NOT be supported
2026-05-29 12:54:40,087 [WARNING] discord.client: davey is not installed, voice will NOT be supported
2026-05-29 12:54:40,275 [INFO] ModForge.Auth: OAuth2 login redirect → https://discord.com/oauth2/authorize?client_id=1491447622442160248&redirect_uri=http%3A%2F%2Fmod-forge.up.railway.app%2F...
2026-05-29 19:53:38,128 [WARNING] discord.client: PyNaCl is not installed, voice will NOT be supported
2026-05-29 19:53:38,128 [WARNING] discord.client: davey is not installed, voice will NOT be supported
2026-05-29 19:53:38,338 [INFO] ModForge.Auth: OAuth2 login redirect → https://discord.com/oauth2/authorize?client_id=1491447622442160248&redirect_uri=http%3A%2F%2Fmod-forge.up.railway.app%2F...
2026-05-30 10:05:25,450 [WARNING] discord.client: PyNaCl is not installed, voice will NOT be supported
2026-05-30 10:05:25,450 [WARNING] discord.client: davey is not installed, voice will NOT be supported
2026-05-30 10:06:03,999 [WARNING] discord.client: PyNaCl is not installed, voice will NOT be supported
2026-05-30 10:06:03,999 [WARNING] discord.client: davey is not installed, voice will NOT be supported
2026-05-30 10:06:04,194 [INFO] ModForge.Auth: OAuth2 login redirect → https://discord.com/oauth2/authorize?client_id=1491447622442160248&redirect_uri=http%3A%2F%2Fmod-forge.up.railway.app%2F...
2026-05-30 10:10:10,830 [WARNING] discord.client: PyNaCl is not installed, voice will NOT be supported
2026-05-30 10:10:10,830 [WARNING] discord.client: davey is not installed, voice will NOT be supported
2026-05-30 10:10:11,026 [INFO] ModForge.Auth: OAuth2 login redirect → https://discord.com/oauth2/authorize?client_id=1491447622442160248&redirect_uri=http%3A%2F%2Fmod-forge.up.railway.app%2F...
2026-05-30 10:14:37,436 [WARNING] discord.client: PyNaCl is not installed, voice will NOT be supported
2026-05-30 10:14:37,436 [WARNING] discord.client: davey is not installed, voice will NOT be supported
2026-05-30 10:14:37,628 [INFO] ModForge.Auth: OAuth2 login redirect → https://discord.com/oauth2/authorize?client_id=1491447622442160248&redirect_uri=http%3A%2F%2Fmod-forge.up.railway.app%2F...
2026-05-30 10:24:36,602 [WARNING] discord.client: PyNaCl is not installed, voice will NOT be supported
2026-05-30 10:24:36,603 [WARNING] discord.client: davey is not installed, voice will NOT be supported
2026-05-30 10:25:06,734 [WARNING] discord.client: PyNaCl is not installed, voice will NOT be supported
2026-05-30 10:25:06,735 [WARNING] discord.client: davey is not installed, voice will NOT be supported
2026-05-30 10:25:06,936 [INFO] ModForge.Auth: OAuth2 login redirect → https://discord.com/oauth2/authorize?client_id=1491447622442160248&redirect_uri=http%3A%2F%2Fmod-forge.up.railway.app%2F...
2026-05-30 10:45:26,411 [WARNING] discord.client: PyNaCl is not installed, voice will NOT be supported
2026-05-30 10:45:26,411 [WARNING] discord.client: davey is not installed, voice will NOT be supported
2026-05-30 10:45:26,611 [INFO] ModForge.Auth: OAuth2 login redirect → https://discord.com/oauth2/authorize?client_id=1491447622442160248&redirect_uri=http%3A%2F%2Fmod-forge.up.railway.app%2F...
2026-05-30 10:54:08,583 [WARNING] discord.client: PyNaCl is not installed, voice will NOT be supported
2026-05-30 10:54:08,583 [WARNING] discord.client: davey is not installed, voice will NOT be supported
2026-05-30 10:54:08,773 [INFO] ModForge.Auth: OAuth2 login redirect → https://discord.com/oauth2/authorize?client_id=1491447622442160248&redirect_uri=http%3A%2F%2Fmod-forge.up.railway.app%2F...
2026-05-30 11:11:13,583 [WARNING] discord.client: PyNaCl is not installed, voice will NOT be supported
2026-05-30 11:11:13,584 [WARNING] discord.client: davey is not installed, voice will NOT be supported
2026-05-30 11:11:13,783 [INFO] ModForge.Auth: OAuth2 login redirect → https://discord.com/oauth2/authorize?client_id=1491447622442160248&redirect_uri=http%3A%2F%2Fmod-forge.up.railway.app%2F...
2026-05-30 12:39:56,819 [WARNING] discord.client: PyNaCl is not installed, voice will NOT be supported
2026-05-30 12:39:56,820 [WARNING] discord.client: davey is not installed, voice will NOT be supported
2026-05-30 12:39:57,014 [INFO] ModForge.Auth: OAuth2 login redirect → https://discord.com/oauth2/authorize?client_id=1491447622442160248&redirect_uri=http%3A%2F%2Fmod-forge.up.railway.app%2F...
2026-05-30 13:28:33,299 [WARNING] discord.client: PyNaCl is not installed, voice will NOT be supported
2026-05-30 13:28:33,299 [WARNING] discord.client: davey is not installed, voice will NOT be supported
2026-05-30 13:30:30,401 [WARNING] discord.client: PyNaCl is not installed, voice will NOT be supported
2026-05-30 13:30:30,401 [WARNING] discord.client: davey is not installed, voice will NOT be supported
2026-05-30 13:30:30,664 [ERROR] ModForge.Web.Routes: [ASYNC ERROR] cannot import name 'bot_ref' from 'bot.bot' (/home/user/ModForge/bot/bot.py)
2026-05-30 13:30:30,729 [ERROR] ModForge.Web.Routes: [ASYNC ERROR] cannot import name 'bot_ref' from 'bot.bot' (/home/user/ModForge/bot/bot.py)
2026-05-30 13:30:30,924 [ERROR] ModForge.Auth: Discord API 401: {"message": "401: Unauthorized", "code": 0}
2026-05-30 18:13:15,497 [WARNING] discord.client: PyNaCl is not installed, voice will NOT be supported
2026-05-30 18:13:15,498 [WARNING] discord.client: davey is not installed, voice will NOT be supported
2026-05-30 18:13:15,742 [ERROR] ModForge.Web.Routes: [ASYNC ERROR] cannot import name 'bot_ref' from 'bot.bot' (/home/user/ModForge/bot/bot.py)
2026-05-30 18:13:15,800 [ERROR] ModForge.Web.Routes: [ASYNC ERROR] cannot import name 'bot_ref' from 'bot.bot' (/home/user/ModForge/bot/bot.py)
2026-05-30 18:13:15,995 [ERROR] ModForge.Auth: Discord API 401: {"message": "401: Unauthorized", "code": 0}
2026-05-30 18:27:58,086 [WARNING] discord.client: PyNaCl is not installed, voice will NOT be supported
2026-05-30 18:27:58,086 [WARNING] discord.client: davey is not installed, voice will NOT be supported
2026-05-30 18:27:58,323 [ERROR] ModForge.Web.Routes: [ASYNC ERROR] cannot import name 'bot_ref' from 'bot.bot' (/home/user/ModForge/bot/bot.py)
2026-05-30 18:27:58,376 [ERROR] ModForge.Web.Routes: [ASYNC ERROR] cannot import name 'bot_ref' from 'bot.bot' (/home/user/ModForge/bot/bot.py)
2026-05-30 18:27:58,578 [ERROR] ModForge.Auth: Discord API 401: {"message": "401: Unauthorized", "code": 0}
2026-05-30 19:05:44,739 [WARNING] discord.client: PyNaCl is not installed, voice will NOT be supported
2026-05-30 19:05:44,739 [WARNING] discord.client: davey is not installed, voice will NOT be supported
2026-05-30 19:05:44,990 [ERROR] ModForge.Web.Routes: [ASYNC ERROR] cannot import name 'bot_ref' from 'bot.bot' (/home/user/ModForge/bot/bot.py)
2026-05-30 19:05:45,049 [ERROR] ModForge.Web.Routes: [ASYNC ERROR] cannot import name 'bot_ref' from 'bot.bot' (/home/user/ModForge/bot/bot.py)
2026-05-30 19:06:24,731 [WARNING] discord.client: PyNaCl is not installed, voice will NOT be supported
2026-05-30 19:06:24,731 [WARNING] discord.client: davey is not installed, voice will NOT be supported
2026-05-30 19:06:24,981 [ERROR] ModForge.Web.Routes: [ASYNC ERROR] cannot import name 'bot_ref' from 'bot.bot' (/home/user/ModForge/bot/bot.py)
2026-05-30 19:06:25,041 [ERROR] ModForge.Web.Routes: [ASYNC ERROR] cannot import name 'bot_ref' from 'bot.bot' (/home/user/ModForge/bot/bot.py)
2026-05-30 19:13:05,900 [WARNING] discord.client: PyNaCl is not installed, voice will NOT be supported
2026-05-30 19:13:05,901 [WARNING] discord.client: davey is not installed, voice will NOT be supported
2026-05-30 19:13:05,954 [ERROR] ModForge.Web.Routes: [CONFIG API ERROR] cannot import name 'bot_ref' from 'bot.bot' (/home/user/ModForge/bot/bot.py)
2026-05-30 19:13:42,280 [WARNING] discord.client: PyNaCl is not installed, voice will NOT be supported
2026-05-30 19:13:42,281 [WARNING] discord.client: davey is not installed, voice will NOT be supported
2026-05-30 19:15:28,100 [WARNING] discord.client: PyNaCl is not installed, voice will NOT be supported
2026-05-30 19:15:28,101 [WARNING] discord.client: davey is not installed, voice will NOT be supported
2026-05-30 19:41:39,060 [WARNING] discord.client: PyNaCl is not installed, voice will NOT be supported
2026-05-30 19:41:39,060 [WARNING] discord.client: davey is not installed, voice will NOT be supported
2026-05-30 19:44:59,812 [WARNING] discord.client: PyNaCl is not installed, voice will NOT be supported
2026-05-30 19:44:59,813 [WARNING] discord.client: davey is not installed, voice will NOT be supported
2026-05-30 19:47:44,707 [WARNING] discord.client: PyNaCl is not installed, voice will NOT be supported
2026-05-30 19:47:44,707 [WARNING] discord.client: davey is not installed, voice will NOT be supported
2026-05-30 19:51:43,925 [WARNING] discord.client: PyNaCl is not installed, voice will NOT be supported
2026-05-30 19:51:43,925 [WARNING] discord.client: davey is not installed, voice will NOT be supported
2026-05-30 19:55:46,465 [WARNING] discord.client: PyNaCl is not installed, voice will NOT be supported
2026-05-30 19:55:46,466 [WARNING] discord.client: davey is not installed, voice will NOT be supported
2026-05-30 19:55:46,519 [ERROR] ModForge.Web.Routes: [COUNT ERROR] Collection objects do not implement truth value testing or bool(). Please compare with None instead: collection is not None
2026-05-30 20:02:00,080 [WARNING] discord.client: PyNaCl is not installed, voice will NOT be supported
2026-05-30 20:02:00,081 [WARNING] discord.client: davey is not installed, voice will NOT be supported
2026-05-30 20:02:00,259 [ERROR] ModForge.Web.Routes: [COUNT ERROR] Collection objects do not implement truth value testing or bool(). Please compare with None instead: collection is not None
2026-05-30 20:14:02,455 [WARNING] discord.client: PyNaCl is not installed, voice will NOT be supported
2026-05-30 20:14:02,455 [WARNING] discord.client: davey is not installed, voice will NOT be supported
2026-05-30 20:15:43,706 [WARNING] discord.client: PyNaCl is not installed, voice will NOT be supported
2026-05-30 20:15:43,706 [WARNING] discord.client: davey is not installed, voice will NOT be supported
2026-05-30 20:15:43,756 [ERROR] ModForge.Web.Routes: [COUNT ERROR] Collection objects do not implement truth value testing or bool(). Please compare with None instead: collection is not None
2026-05-30 20:21:33,164 [WARNING] discord.client: PyNaCl is not installed, voice will NOT be supported
2026-05-30 20:21:33,164 [WARNING] discord.client: davey is not installed, voice will NOT be supported
2026-05-30 20:21:33,213 [ERROR] ModForge.Web.Routes: [COUNT ERROR] Collection objects do not implement truth value testing or bool(). Please compare with None instead: collection is not None
2026-05-30 20:22:17,482 [WARNING] discord.client: PyNaCl is not installed, voice will NOT be supported
2026-05-30 20:22:17,482 [WARNING] discord.client: davey is not installed, voice will NOT be supported
2026-05-30 20:22:17,533 [ERROR] ModForge.Web.Routes: [COUNT ERROR] Collection objects do not implement truth value testing or bool(). Please compare with None instead: collection is not None
2026-05-30 20:54:22,979 [WARNING] discord.client: PyNaCl is not installed, voice will NOT be supported
2026-05-30 20:54:22,980 [WARNING] discord.client: davey is not installed, voice will NOT be supported
2026-05-30 20:54:23,033 [ERROR] ModForge.Web.Routes: [COUNT ERROR] Collection objects do not implement truth value testing or bool(). Please compare with None instead: collection is not None
2026-05-30 20:56:56,626 [WARNING] discord.client: PyNaCl is not installed, voice will NOT be supported
2026-05-30 20:56:56,626 [WARNING] discord.client: davey is not installed, voice will NOT be supported
2026-05-30 20:56:56,676 [ERROR] ModForge.Web.Routes: [COUNT ERROR] Collection objects do not implement truth value testing or bool(). Please compare with None instead: collection is not None
2026-05-30 21:12:43,397 [WARNING] discord.client: PyNaCl is not installed, voice will NOT be supported
2026-05-30 21:12:43,397 [WARNING] discord.client: davey is not installed, voice will NOT be supported
2026-05-30 21:12:43,446 [ERROR] ModForge.Web.Routes: [COUNT ERROR] Collection objects do not implement truth value testing or bool(). Please compare with None instead: collection is not None
2026-05-30 21:17:55,265 [WARNING] discord.client: PyNaCl is not installed, voice will NOT be supported
2026-05-30 21:17:55,265 [WARNING] discord.client: davey is not installed, voice will NOT be supported
2026-05-30 21:17:55,383 [ERROR] ModForge.Web.Routes: [COUNT ERROR] Collection objects do not implement truth value testing or bool(). Please compare with None instead: collection is not None
2026-05-30 23:05:47,734 [WARNING] discord.client: PyNaCl is not installed, voice will NOT be supported
2026-05-30 23:05:47,735 [WARNING] discord.client: davey is not installed, voice will NOT be supported
2026-05-30 23:05:47,789 [ERROR] ModForge.Web.Routes: [COUNT ERROR] Collection objects do not implement truth value testing or bool(). Please compare with None instead: collection is not None
2026-05-30 23:09:14,969 [WARNING] discord.client: PyNaCl is not installed, voice will NOT be supported
2026-05-30 23:09:14,969 [WARNING] discord.client: davey is not installed, voice will NOT be supported
2026-05-30 23:09:15,020 [ERROR] ModForge.Web.Routes: [COUNT ERROR] Collection objects do not implement truth value testing or bool(). Please compare with None instead: collection is not None
2026-05-30 23:24:20,947 [WARNING] discord.client: PyNaCl is not installed, voice will NOT be supported
2026-05-30 23:24:20,947 [WARNING] discord.client: davey is not installed, voice will NOT be supported
2026-05-30 23:24:21,000 [ERROR] ModForge.Web.Routes: [COUNT ERROR] Collection objects do not implement truth value testing or bool(). Please compare with None instead: collection is not None
2026-05-30 23:27:38,281 [WARNING] discord.client: PyNaCl is not installed, voice will NOT be supported
2026-05-30 23:27:38,281 [WARNING] discord.client: davey is not installed, voice will NOT be supported
2026-05-30 23:27:41,340 [ERROR] ModForge.Web.Routes: [COUNT ERROR] Collection objects do not implement truth value testing or bool(). Please compare with None instead: collection is not None
2026-05-30 23:28:39,098 [ERROR] ModForge.Web.Routes: Direct DB save failed for 111: maximum recursion depth exceeded
2026-05-30 23:28:42,103 [ERROR] ModForge.Web.Routes: Direct DB save failed for 111: maximum recursion depth exceeded
2026-05-30 23:28:45,109 [ERROR] ModForge.Web.Routes: Direct DB save failed for 111: maximum recursion depth exceeded
2026-05-30 23:28:48,115 [ERROR] ModForge.Web.Routes: Direct DB save failed for 111: maximum recursion depth exceeded
2026-05-30 23:28:51,122 [ERROR] ModForge.Web.Routes: Direct DB save failed for 111: maximum recursion depth exceeded
2026-05-30 23:28:54,127 [ERROR] ModForge.Web.Routes: Direct DB save failed for 111: maximum recursion depth exceeded
2026-05-30 23:28:57,135 [ERROR] ModForge.Web.Routes: Direct DB save failed for 111: maximum recursion depth exceeded
2026-05-30 23:29:00,141 [ERROR] ModForge.Web.Routes: Direct DB save failed for 111: maximum recursion depth exceeded
2026-05-30 23:29:03,146 [ERROR] ModForge.Web.Routes: Direct DB save failed for 111: maximum recursion depth exceeded
2026-05-30 23:29:06,155 [ERROR] ModForge.Web.Routes: Direct DB save failed for 111: maximum recursion depth exceeded
2026-05-30 23:29:09,163 [ERROR] ModForge.Web.Routes: Direct DB save failed for 111: maximum recursion depth exceeded
2026-05-30 23:29:12,169 [ERROR] ModForge.Web.Routes: Direct DB save failed for 111: maximum recursion depth exceeded
2026-05-30 23:29:15,174 [ERROR] ModForge.Web.Routes: Direct DB save failed for 111: maximum recursion depth exceeded
2026-05-30 23:29:18,183 [ERROR] ModForge.Web.Routes: Direct DB save failed for 111: maximum recursion depth exceeded
2026-05-30 23:29:21,192 [ERROR] ModForge.Web.Routes: Direct DB save failed for 111: maximum recursion depth exceeded
2026-05-30 23:29:24,201 [ERROR] ModForge.Web.Routes: Direct DB save failed for 111: maximum recursion depth exceeded
2026-05-30 23:29:57,733 [WARNING] discord.client: PyNaCl is not installed, voice will NOT be supported
2026-05-30 23:29:57,733 [WARNING] discord.client: davey is not installed, voice will NOT be supported
2026-05-30 23:30:00,793 [ERROR] ModForge.Web.Routes: [COUNT ERROR] Collection objects do not implement truth value testing or bool(). Please compare with None instead: collection is not None
2026-05-30 23:30:43,247 [WARNING] discord.client: PyNaCl is not installed, voice will NOT be supported
2026-05-30 23:30:43,247 [WARNING] discord.client: davey is not installed, voice will NOT be supported
2026-05-30 23:30:43,302 [ERROR] ModForge.Web.Routes: [COUNT ERROR] Collection objects do not implement truth value testing or bool(). Please compare with None instead: collection is not None
2026-05-30 23:37:56,613 [WARNING] discord.client: PyNaCl is not installed, voice will NOT be supported
2026-05-30 23:37:56,613 [WARNING] discord.client: davey is not installed, voice will NOT be supported
2026-05-30 23:37:56,719 [ERROR] ModForge.Web.Routes: [COUNT ERROR] Collection objects do not implement truth value testing or bool(). Please compare with None instead: collection is not None
2026-05-31 09:04:51,689 [WARNING] discord.client: PyNaCl is not installed, voice will NOT be supported
2026-05-31 09:04:51,689 [WARNING] discord.client: davey is not installed, voice will NOT be supported
2026-05-31 09:05:05,869 [WARNING] discord.client: PyNaCl is not installed, voice will NOT be supported
2026-05-31 09:05:05,869 [WARNING] discord.client: davey is not installed, voice will NOT be supported
2026-05-31 09:05:12,558 [WARNING] discord.client: PyNaCl is not installed, voice will NOT be supported
2026-05-31 09:05:12,558 [WARNING] discord.client: davey is not installed, voice will NOT be supported
2026-05-31 09:17:58,186 [WARNING] discord.client: PyNaCl is not installed, voice will NOT be supported
2026-05-31 09:17:58,186 [WARNING] discord.client: davey is not installed, voice will NOT be supported
2026-05-31 09:18:13,478 [WARNING] discord.client: PyNaCl is not installed, voice will NOT be supported
2026-05-31 09:18:13,478 [WARNING] discord.client: davey is not installed, voice will NOT be supported
2026-05-31 09:19:16,154 [WARNING] discord.client: PyNaCl is not installed, voice will NOT be supported
2026-05-31 09:19:16,155 [WARNING] discord.client: davey is not installed, voice will NOT be supported
2026-05-31 09:19:29,531 [WARNING] discord.client: PyNaCl is not installed, voice will NOT be supported
2026-05-31 09:19:29,531 [WARNING] discord.client: davey is not installed, voice will NOT be supported
2026-05-31 09:28:20,574 [WARNING] discord.client: PyNaCl is not installed, voice will NOT be supported
2026-05-31 09:28:20,575 [WARNING] discord.client: davey is not installed, voice will NOT be supported
2026-05-31 09:28:28,291 [WARNING] discord.client: PyNaCl is not installed, voice will NOT be supported
2026-05-31 09:28:28,291 [WARNING] discord.client: davey is not installed, voice will NOT be supported
2026-06-04 17:58:04,855 [WARNING] discord.client: davey is not installed, voice will NOT be supported
2026-06-04 17:58:04,911 [INFO] ModForge: ModForge v3.0.0 startet…
2026-06-04 17:58:04,912 [INFO] discord.client: logging in using static token
2026-06-04 18:07:55,897 [WARNING] discord.client: davey is not installed, voice will NOT be supported
2026-06-04 18:07:55,954 [INFO] ModForge: ModForge v3.0.0 startet…
2026-06-04 18:07:55,954 [INFO] discord.client: logging in using static token
2026-06-04 20:07:01,540 [WARNING] discord.client: davey is not installed, voice will NOT be supported
2026-06-04 20:07:01,588 [INFO] ModForge: ModForge v3.0.0 startet…
2026-06-04 20:07:01,588 [INFO] discord.client: logging in using static token
2026-06-04 20:39:01,397 [WARNING] discord.client: davey is not installed, voice will NOT be supported
2026-06-04 20:39:01,435 [INFO] ModForge: ModForge v3.0.0 startet…
2026-06-04 20:39:01,436 [INFO] discord.client: logging in using static token
2026-06-04 20:57:18,456 [WARNING] discord.client: davey is not installed, voice will NOT be supported
2026-06-04 20:57:18,498 [INFO] ModForge: ModForge v3.0.0 startet…
2026-06-04 20:57:18,498 [INFO] discord.client: logging in using static token
2026-06-04 21:40:22,943 [WARNING] discord.client: davey is not installed, voice will NOT be supported
2026-06-04 21:40:22,983 [INFO] ModForge: ModForge v3.0.0 startet…
2026-06-04 21:40:22,983 [INFO] discord.client: logging in using static token
2026-06-05 09:07:18,093 [WARNING] discord.client: davey is not installed, voice will NOT be supported
2026-06-05 09:07:18,133 [INFO] ModForge: ModForge v3.0.0 startet…
2026-06-05 09:07:18,134 [INFO] discord.client: logging in using static token
2026-06-05 11:39:30,582 [WARNING] discord.client: davey is not installed, voice will NOT be supported
2026-06-05 11:39:30,619 [INFO] ModForge: ModForge v3.0.0 startet…
2026-06-05 11:39:30,620 [INFO] discord.client: logging in using static token
2026-06-05 11:50:04,997 [WARNING] discord.client: davey is not installed, voice will NOT be supported
2026-06-05 11:50:05,033 [INFO] ModForge: ModForge v3.0.0 startet…
2026-06-05 11:50:05,034 [INFO] discord.client: logging in using static token
2026-06-05 12:01:43,282 [WARNING] discord.client: davey is not installed, voice will NOT be supported
2026-06-05 12:01:43,339 [INFO] ModForge: ModForge v3.0.0 startet…
2026-06-05 12:01:43,340 [INFO] discord.client: logging in using static token
